// Jest Snapshot v1, https://goo.gl/fbAQLP

exports[`shouuld render AddExpensePage correctly 1`] = `
<div>
  <div
    className="page-header"
  >
    <div
      className="content-container"
    >
      <h1
        className="page-header__title"
      >
        Add Expense
      </h1>
    </div>
    <div
      className="content-container"
    >
      <ExpenseForm
        buttonTitle="Add Expense"
        onSubmit={[Function]}
      />
    </div>
  </div>
</div>
`;
