// Jest Snapshot v1, https://goo.gl/fbAQLP

exports[`should render an item with fixture data 1`] = `
<div>
  <Link
    replace={false}
    to="/edit/1"
  >
    <h4>
      orange
    </h4>
  </Link>
  <p>
    Amount: 
    999
  </p>
  <p>
    Created at: 
    0
  </p>
</div>
`;
